// Jest Snapshot v1, https://goo.gl/fbAQLP

exports[`should match snapshot 1`] = `
<DocumentFragment>
  <li>
    <button>
      X
    </button>
  </li>
</DocumentFragment>
`;
